// Jest Snapshot v1, https://goo.gl/fbAQLP

exports[`About component renders the complete about 1`] = `
<div
  className="about"
>
  <p>
    This app was inspired by personal experience having to plan a night out with friends or family and having people not have an idea of where to go first. Utilizing this app will help group of people come together to start the night and knowing at all times where to head next after leaving a bar or restaurant.
  </p>
</div>
`;
